Windows PowerShell
Copyright (C) Microsoft Corporation. All rights reserved.

Install the latest PowerShell for new features and improvements! https://aka.ms/PSWindows

PS D:\Folder Projects\UTS_CodeCrafters> git status
On branch main

No commits yet

Untracked files:
  (use "git add <file>..." to include in what will be committed)
        index.html

nothing added to commit but untracked files present (use "git add" to track)
PS D:\Folder Projects\UTS_CodeCrafters> git add .
PS D:\Folder Projects\UTS_CodeCrafters> git status
On branch main

No commits yet

Changes to be committed:
  (use "git rm --cached <file>..." to unstage)
        new file:   index.html

PS D:\Folder Projects\UTS_CodeCrafters> git commit -m "Menambahkan file baru"
Author identity unknown

*** Please tell me who you are.

Run

  git config --global user.email "you@example.com"
  git config --global user.name "Your Name"

to set your account's default identity.
Omit --global to set the identity only in this repository.

fatal: unable to auto-detect email address (got 'Lab@LAB03-17.(none)')
PS D:\Folder Projects\UTS_CodeCrafters> git config g --global user.email "michael.juan@students.mikroskil.ac.id"
error: no action specified
PS D:\Folder Projects\UTS_CodeCrafters>  git config --global user.email "michael.juan@students.mikroskil.ac.id"
PS D:\Folder Projects\UTS_CodeCrafters>  git config --global user.name "KaelBB"
PS D:\Folder Projects\UTS_CodeCrafters> git status
On branch main

No commits yet

Changes to be committed:
  (use "git rm --cached <file>..." to unstage)
        new file:   index.html

PS D:\Folder Projects\UTS_CodeCrafters>  git commit -m "Menambahkan file baru"
[main (root-commit) 7e9ed16] Menambahkan file baru
 1 file changed, 0 insertions(+), 0 deletions(-)
 create mode 100644 index.html
PS D:\Folder Projects\UTS_CodeCrafters>  git push -u origin main
remote: Permission to akn123456/UTS_CodeCrafters.git denied to LeonYP99.
fatal: unable to access 'https://github.com/akn123456/UTS_CodeCrafters.git/': The requested URL returned error: 403
PS D:\Folder Projects\UTS_CodeCrafters>  git push -u origin main
info: please complete authentication in your browser...
Enumerating objects: 3, done.
Counting objects: 100% (3/3), done.
Writing objects: 100% (3/3), 231 bytes | 77.00 KiB/s, done.
Total 3 (delta 0), reused 0 (delta 0), pack-reused 0 (from 0)
To https://github.com/akn123456/UTS_CodeCrafters.git
 * [new branch]      main -> main
branch 'main' set up to track 'origin/main'.
PS D:\Folder Projects\UTS_CodeCrafters> git status
On branch main
Your branch is up to date with 'origin/main'.

Changes not staged for commit:
  (use "git add <file>..." to update what will be committed)
  (use "git restore <file>..." to discard changes in working directory)
        modified:   index.html

no changes added to commit (use "git add" and/or "git commit -a")
PS D:\Folder Projects\UTS_CodeCrafters> git add .
PS D:\Folder Projects\UTS_CodeCrafters> git status
On branch main
Your branch is up to date with 'origin/main'.

Changes to be committed:
  (use "git restore --staged <file>..." to unstage)
        modified:   index.html

PS D:\Folder Projects\UTS_CodeCrafters>  git push -u origin main
branch 'main' set up to track 'origin/main'.
Everything up-to-date
PS D:\Folder Projects\UTS_CodeCrafters>  git commit -m "Menambahkan file baru"
[main 5695b8b] Menambahkan file baru
 1 file changed, 11 insertions(+)
PS D:\Folder Projects\UTS_CodeCrafters>  git push -u origin main
Enumerating objects: 5, done.
Counting objects: 100% (5/5), done.
Delta compression using up to 4 threads
Compressing objects: 100% (2/2), done.
Writing objects: 100% (3/3), 408 bytes | 408.00 KiB/s, done.
Total 3 (delta 0), reused 0 (delta 0), pack-reused 0 (from 0)
To https://github.com/akn123456/UTS_CodeCrafters.git
   7e9ed16..5695b8b  main -> main
branch 'main' set up to track 'origin/main'.
PS D:\Folder Projects\UTS_CodeCrafters> ^Q
